[0m#LOG: LOGGING OUTPUT TO 'test.log'[0m
#info {event} on
[0m#OK: #EVENT INFO STATUS HAS BEEN SET TO: ON.[0m
[0m#INFO EVENT {TIME 17:33:25}[0m
[0m#INFO EVENT {SECOND}[0m
[0m#INFO EVENT {SECOND 25}[0m
[0m#INFO EVENT {TIME 17:33:26}[0m
[0m#INFO EVENT {SECOND}[0m
[0m#INFO EVENT {SECOND 26}[0m
[0m#INFO EVENT {TIME 17:33:27}[0m
[0m#INFO EVENT {SECOND}[0m
[0m#INFO EVENT {SECOND 27}[0m
[0m#INFO EVENT {TIME 17:33:28}[0m
[0m#INFO EVENT {SECOND}[0m
[0m#INFO EVENT {SECOND 28}[0m
[0m#INFO EVENT {TIME 17:33:29}[0m
[0m#INFO EVENT {SECOND}[0m
[0m#INFO EVENT {SECOND 29}[0m
connect
[0m#INFO EVENT {RECEIVED INPUT}[0m
[0m#NO SESSION ACTIVE. USE: #session {name} {host} {port} TO START ONE.[0m
[0m#INFO EVENT {TIME 17:33:30}[0m
[0m#INFO EVENT {SECOND}[0m
[0m#INFO EVENT {SECOND 30}[0m
[0m#INFO EVENT {TIME 17:33:31}[0m
[0m#INFO EVENT {SECOND}[0m
[0m#INFO EVENT {SECOND 31}[0m
[0m#INFO EVENT {TIME 17:33:32}[0m
[0m#INFO EVENT {SECOND}[0m
[0m#INFO EVENT {SECOND 32}[0m
[0m#INFO EVENT {TIME 17:33:33}[0m
[0m#INFO EVENT {SECOND}[0m
[0m#INFO EVENT {SECOND 33}[0m
[0m#INFO EVENT {TIME 17:33:34}[0m
[0m#INFO EVENT {SECOND}[0m
[0m#INFO EVENT {SECOND 34}[0m
[0m#INFO EVENT {TIME 17:33:35}[0m
[0m#INFO EVENT {SECOND}[0m
[0m#INFO EVENT {SECOND 35}[0m
[0m#INFO EVENT {TIME 17:33:36}[0m
[0m#INFO EVENT {SECOND}[0m
[0m#INFO EVENT {SECOND 36}[0m
[0m#INFO EVENT {TIME 17:33:37}[0m
[0m#INFO EVENT {SECOND}[0m
[0m#INFO EVENT {SECOND 37}[0m
[0m#INFO EVENT {TIME 17:33:38}[0m
[0m#INFO EVENT {SECOND}[0m
[0m#INFO EVENT {SECOND 38}[0m
[0m#INFO EVENT {TIME 17:33:39}[0m
[0m#INFO EVENT {SECOND}[0m
[0m#INFO EVENT {SECOND 39}[0m
[0m#INFO EVENT {TIME 17:33:40}[0m
[0m#INFO EVENT {SECOND}[0m
[0m#INFO EVENT {SECOND 40}[0m
[0m#INFO EVENT {TIME 17:33:41}[0m
[0m#INFO EVENT {SECOND}[0m
[0m#INFO EVENT {SECOND 41}[0m
[0m#INFO EVENT {TIME 17:33:42}[0m
[0m#INFO EVENT {SECOND}[0m
[0m#INFO EVENT {SECOND 42}[0m
[0m#INFO EVENT {TIME 17:33:43}[0m
[0m#INFO EVENT {SECOND}[0m
[0m#INFO EVENT {SECOND 43}[0m
[0m#INFO EVENT {TIME 17:33:44}[0m
[0m#INFO EVENT {SECOND}[0m
[0m#INFO EVENT {SECOND 44}[0m
#session everdark everdark.org 3000
[0m#INFO EVENT {RECEIVED INPUT}[0m
[0m#TRYING TO CONNECT 'everdark' TO 'everdark.org' PORT '3000'.[0m
[0m#INFO EVENT {TIME 17:33:45}[0m
[0m#INFO EVENT {SECOND}[0m
[0m#INFO EVENT {SECOND 45}[0m
[0m#INFO EVENT {TIME 17:33:46}[0m
[0m#INFO EVENT {SECOND}[0m
[0m#INFO EVENT {SECOND 46}[0m
[0m#INFO EVENT {TIME 17:33:47}[0m
[0m#INFO EVENT {SECOND}[0m
[0m#INFO EVENT {SECOND 47}[0m
[0m#INFO EVENT {TIME 17:33:48}[0m
[0m#INFO EVENT {SECOND}[0m
[0m#INFO EVENT {SECOND 48}[0m
[0m#INFO EVENT {TIME 17:33:49}[0m
[0m#INFO EVENT {SECOND}[0m
[0m#INFO EVENT {SECOND 49}[0m
[0m#INFO EVENT {TIME 17:33:50}[0m
[0m#INFO EVENT {SECOND}[0m
[0m#INFO EVENT {SECOND 50}[0m
[0m#INFO EVENT {TIME 17:33:51}[0m
[0m#INFO EVENT {SECOND}[0m
[0m#INFO EVENT {SECOND 51}[0m
[0m#INFO EVENT {TIME 17:33:52}[0m
[0m#INFO EVENT {SECOND}[0m
[0m#INFO EVENT {SECOND 52}[0m
[0m#INFO EVENT {TIME 17:33:53}[0m
[0m#INFO EVENT {SECOND}[0m
[0m#INFO EVENT {SECOND 53}[0m
[0m#INFO EVENT {TIME 17:33:54}[0m
[0m#INFO EVENT {SECOND}[0m
[0m#INFO EVENT {SECOND 54}[0m
[0m#INFO EVENT {TIME 17:33:55}[0m
[0m#INFO EVENT {SECOND}[0m
[0m#INFO EVENT {SECOND 55}[0m
[0m#INFO EVENT {TIME 17:33:56}[0m
[0m#INFO EVENT {SECOND}[0m
[0m#INFO EVENT {SECOND 56}[0m
[0m#INFO EVENT {TIME 17:33:57}[0m
[0m#INFO EVENT {SECOND}[0m
[0m#INFO EVENT {SECOND 57}[0m
[0m#INFO EVENT {TIME 17:33:58}[0m
[0m#INFO EVENT {SECOND}[0m
[0m#INFO EVENT {SECOND 58}[0m
[0m#INFO EVENT {TIME 17:33:59}[0m
[0m#INFO EVENT {SECOND}[0m
[0m#INFO EVENT {SECOND 59}[0m
[0m#INFO EVENT {DATE 05-23 17:34}[0m
[0m#INFO EVENT {TIME 17:34}[0m
[0m#INFO EVENT {MINUTE}[0m
[0m#INFO EVENT {MINUTE 34}[0m
[0m#INFO EVENT {TIME 17:34:00}[0m
[0m#INFO EVENT {SECOND}[0m
[0m#INFO EVENT {SECOND 00}[0m
[0m#INFO EVENT {TIME 17:34:01}[0m
[0m#INFO EVENT {SECOND}[0m
[0m#INFO EVENT {SECOND 01}[0m
[0m#SESSION 'gts' ACTIVATED.[0m
[0m#INFO EVENT {SESSION ACTIVATED}[0m
[0m#INFO EVENT {TIME 17:34:02}[0m
[0m#INFO EVENT {SECOND}[0m
[0m#INFO EVENT {SECOND 02}[0m
[0m#INFO EVENT {TIME 17:34:03}[0m
[0m#INFO EVENT {SECOND}[0m
[0m#INFO EVENT {SECOND 03}[0m
[0m#INFO EVENT {TIME 17:34:04}[0m
[0m#INFO EVENT {SECOND}[0m
[0m#INFO EVENT {SECOND 04}[0m
#session everdark everdark.org 3000
[0m#INFO EVENT {RECEIVED INPUT}[0m
[0m#TRYING TO CONNECT 'everdark' TO 'everdark.org' PORT '3000'.[0m
[0m#INFO EVENT {TIME 17:34:05}[0m
[0m#INFO EVENT {SECOND}[0m
[0m#INFO EVENT {SECOND 05}[0m
[0m#INFO EVENT {TIME 17:34:06}[0m
[0m#INFO EVENT {SECOND}[0m
[0m#INFO EVENT {SECOND 06}[0m
[0m#INFO EVENT {TIME 17:34:07}[0m
[0m#INFO EVENT {SECOND}[0m
[0m#INFO EVENT {SECOND 07}[0m
[0m#SESSION 'gts' ACTIVATED.[0m
[0m#INFO EVENT {SESSION ACTIVATED}[0m
[0m#INFO EVENT {TIME 17:34:08}[0m
[0m#INFO EVENT {SECOND}[0m
[0m#INFO EVENT {SECOND 08}[0m
[0m#INFO EVENT {TIME 17:34:09}[0m
[0m#INFO EVENT {SECOND}[0m
[0m#INFO EVENT {SECOND 09}[0m
[0m#INFO EVENT {TIME 17:34:10}[0m
[0m#INFO EVENT {SECOND}[0m
[0m#INFO EVENT {SECOND 10}[0m
[0m#INFO EVENT {TIME 17:34:11}[0m
[0m#INFO EVENT {SECOND}[0m
[0m#INFO EVENT {SECOND 11}[0m
#info {event} off
[0m#INFO EVENT {RECEIVED INPUT}[0m
[0m#OK: #EVENT INFO STATUS HAS BEEN SET TO: OFF.[0m
